2026-02-23 09:07:05,326 [INFO] Activator:176 - 


2026-02-23 09:07:05,327 [INFO] Activator:177 - !SESSION log4j initialized
2026-02-23 09:07:07,262 [INFO] LogOutputStream:77 - [STDOUT_REDIRECT] 
2026-02-23 09:07:07,482 [ERROR] LogOutputStream:75 - [STDERR_REDIRECT] java.net.URISyntaxException: Illegal character in path at index 51: file:/home/esaadi@actia.local/Documents/Intergation Phase/FreeRTOS_mini_project/FreeRTOS_System_MiniProject/.metadata/.log4j2.xml
2026-02-23 09:07:07,482 [ERROR] LogOutputStream:75 - [STDERR_REDIRECT] 	at java.base/java.net.URI$Parser.fail(URI.java:2995)
2026-02-23 09:07:07,482 [ERROR] LogOutputStream:75 - [STDERR_REDIRECT] 	at java.base/java.net.URI$Parser.checkChars(URI.java:3166)
2026-02-23 09:07:07,482 [ERROR] LogOutputStream:75 - [STDERR_REDIRECT] 	at java.base/java.net.URI$Parser.parseHierarchical(URI.java:3248)
2026-02-23 09:07:07,483 [ERROR] LogOutputStream:75 - [STDERR_REDIRECT] 	at java.base/java.net.URI$Parser.parse(URI.java:3196)
2026-02-23 09:07:07,483 [ERROR] LogOutputStream:75 - [STDERR_REDIRECT] 	at java.base/java.net.URI.<init>(URI.java:645)
2026-02-23 09:07:07,483 [ERROR] LogOutputStream:75 - [STDERR_REDIRECT] 	at java.base/java.net.URL.toURI(URL.java:1220)
2026-02-23 09:07:07,483 [ERROR] LogOutputStream:75 - [STDERR_REDIRECT] 	at com.st.stm32cube.common.mx.core.CubeMxInstance.getInstance(CubeMxInstance.java:81)
2026-02-23 09:07:07,483 [ERROR] LogOutputStream:75 - [STDERR_REDIRECT] 	at com.st.stm32cube.common.mx.userauth.UserAuthAdapter.<init>(UserAuthAdapter.java:25)
2026-02-23 09:07:07,483 [ERROR] LogOutputStream:75 - [STDERR_REDIRECT] 	at com.st.stm32cube.common.mx.userauth.UserAuthProvider.getUserAuthAdapter(UserAuthProvider.java:16)
2026-02-23 09:07:07,483 [ERROR] LogOutputStream:75 - [STDERR_REDIRECT] 	at com.st.stm32cube.common.ecosystemintegration.ui.core.MCUEcoSystemIntegrationUiHelper.getUserAuth(MCUEcoSystemIntegrationUiHelper.java:100)
2026-02-23 09:07:07,484 [ERROR] LogOutputStream:75 - [STDERR_REDIRECT] 	at com.st.stm32cube.ide.mcu.userauth.UserAuthStartup.earlyStartup(UserAuthStartup.java:32)
2026-02-23 09:07:07,484 [ERROR] LogOutputStream:75 - [STDERR_REDIRECT] 	at org.eclipse.ui.internal.EarlyStartupRunnable.runEarlyStartup(EarlyStartupRunnable.java:79)
2026-02-23 09:07:07,484 [ERROR] LogOutputStream:75 - [STDERR_REDIRECT] 	at org.eclipse.ui.internal.EarlyStartupRunnable.run(EarlyStartupRunnable.java:55)
2026-02-23 09:07:07,484 [ERROR] LogOutputStream:75 - [STDERR_REDIRECT] 	at org.eclipse.core.runtime.SafeRunner.run(SafeRunner.java:47)
2026-02-23 09:07:07,484 [ERROR] LogOutputStream:75 - [STDERR_REDIRECT] 	at org.eclipse.ui.internal.Workbench$39.run(Workbench.java:2733)
2026-02-23 09:07:07,485 [ERROR] LogOutputStream:75 - [STDERR_REDIRECT] 	at org.eclipse.core.internal.jobs.Worker.run(Worker.java:63)
2026-02-23 09:07:11,206 [ERROR] LogOutputStream:75 - [STDERR_REDIRECT] Feb 23, 2026 9:07:11 AM java.util.prefs.FileSystemPreferences$2 run
2026-02-23 09:07:11,207 [ERROR] LogOutputStream:75 - [STDERR_REDIRECT] WARNING: Could not create system preferences directory. System preferences are unusable.
2026-02-23 09:07:11,207 [ERROR] LogOutputStream:75 - [STDERR_REDIRECT] 
2026-02-23 09:07:36,608 [ERROR] LogOutputStream:75 - [STDERR_REDIRECT] Feb 23, 2026 9:07:36 AM java.util.prefs.FileSystemPreferences checkLockFile0ErrorCode
2026-02-23 09:07:36,608 [ERROR] LogOutputStream:75 - [STDERR_REDIRECT] WARNING: Could not lock System prefs. Unix error code 2.
2026-02-23 09:07:36,608 [ERROR] LogOutputStream:75 - [STDERR_REDIRECT] 
2026-02-23 09:07:36,608 [ERROR] LogOutputStream:75 - [STDERR_REDIRECT] Feb 23, 2026 9:07:36 AM java.util.prefs.FileSystemPreferences syncWorld
2026-02-23 09:07:36,608 [ERROR] LogOutputStream:75 - [STDERR_REDIRECT] WARNING: Couldn't flush system prefs: java.util.prefs.BackingStoreException: Couldn't get file lock.
2026-02-23 09:07:36,608 [ERROR] LogOutputStream:75 - [STDERR_REDIRECT] 
2026-02-23 09:07:39,357 [INFO] LogOutputStream:77 - [STDOUT_REDIRECT] 1 : Invalid condition id : UX_CORESTACK_Condition cause : null
2026-02-23 09:07:39,358 [INFO] LogOutputStream:77 - [STDOUT_REDIRECT] 1 : Invalid condition id : UX_CORESTACK_Condition cause : null
2026-02-23 09:07:39,358 [INFO] LogOutputStream:77 - [STDOUT_REDIRECT] 1 : Invalid condition id : UX_CORESTACK_Condition cause : null
2026-02-23 09:07:39,358 [INFO] LogOutputStream:77 - [STDOUT_REDIRECT] 1 : Invalid condition id : UX_CORESTACK_Condition cause : null
2026-02-23 09:07:39,358 [INFO] LogOutputStream:77 - [STDOUT_REDIRECT] 1 : Invalid condition id : UX_CORESTACK_Condition cause : null
2026-02-23 09:07:40,220 [INFO] LogOutputStream:77 - [STDOUT_REDIRECT] 1 : Invalid condition id : UX_CORESTACK_Condition cause : null
2026-02-23 09:07:40,221 [INFO] LogOutputStream:77 - [STDOUT_REDIRECT] 1 : Invalid condition id : UX_CORESTACK_Condition cause : null
2026-02-23 09:07:40,221 [INFO] LogOutputStream:77 - [STDOUT_REDIRECT] 1 : Invalid condition id : UX_CORESTACK_Condition cause : null
2026-02-23 09:07:40,221 [INFO] LogOutputStream:77 - [STDOUT_REDIRECT] 1 : Invalid condition id : UX_CORESTACK_Condition cause : null
2026-02-23 09:07:40,221 [INFO] LogOutputStream:77 - [STDOUT_REDIRECT] 1 : Invalid condition id : UX_CORESTACK_Condition cause : null
2026-02-23 09:08:06,605 [ERROR] LogOutputStream:75 - [STDERR_REDIRECT] Feb 23, 2026 9:08:06 AM java.util.prefs.FileSystemPreferences checkLockFile0ErrorCode
2026-02-23 09:08:06,606 [ERROR] LogOutputStream:75 - [STDERR_REDIRECT] WARNING: Could not lock System prefs. Unix error code 2.
2026-02-23 09:08:06,607 [ERROR] LogOutputStream:75 - [STDERR_REDIRECT] 
2026-02-23 09:08:06,607 [ERROR] LogOutputStream:75 - [STDERR_REDIRECT] Feb 23, 2026 9:08:06 AM java.util.prefs.FileSystemPreferences syncWorld
2026-02-23 09:08:06,607 [ERROR] LogOutputStream:75 - [STDERR_REDIRECT] WARNING: Couldn't flush system prefs: java.util.prefs.BackingStoreException: Couldn't get file lock.
2026-02-23 09:08:06,608 [ERROR] LogOutputStream:75 - [STDERR_REDIRECT] 
2026-02-23 09:08:36,604 [ERROR] LogOutputStream:75 - [STDERR_REDIRECT] Feb 23, 2026 9:08:36 AM java.util.prefs.FileSystemPreferences checkLockFile0ErrorCode
2026-02-23 09:08:36,604 [ERROR] LogOutputStream:75 - [STDERR_REDIRECT] WARNING: Could not lock System prefs. Unix error code 2.
2026-02-23 09:08:36,605 [ERROR] LogOutputStream:75 - [STDERR_REDIRECT] 
2026-02-23 09:08:36,606 [ERROR] LogOutputStream:75 - [STDERR_REDIRECT] Feb 23, 2026 9:08:36 AM java.util.prefs.FileSystemPreferences syncWorld
2026-02-23 09:08:36,606 [ERROR] LogOutputStream:75 - [STDERR_REDIRECT] WARNING: Couldn't flush system prefs: java.util.prefs.BackingStoreException: Couldn't get file lock.
2026-02-23 09:08:36,607 [ERROR] LogOutputStream:75 - [STDERR_REDIRECT] 
2026-02-23 09:09:06,603 [ERROR] LogOutputStream:75 - [STDERR_REDIRECT] Feb 23, 2026 9:09:06 AM java.util.prefs.FileSystemPreferences checkLockFile0ErrorCode
2026-02-23 09:09:06,604 [ERROR] LogOutputStream:75 - [STDERR_REDIRECT] WARNING: Could not lock System prefs. Unix error code 2.
2026-02-23 09:09:06,605 [ERROR] LogOutputStream:75 - [STDERR_REDIRECT] 
2026-02-23 09:09:06,606 [ERROR] LogOutputStream:75 - [STDERR_REDIRECT] Feb 23, 2026 9:09:06 AM java.util.prefs.FileSystemPreferences syncWorld
2026-02-23 09:09:06,606 [ERROR] LogOutputStream:75 - [STDERR_REDIRECT] WARNING: Couldn't flush system prefs: java.util.prefs.BackingStoreException: Couldn't get file lock.
2026-02-23 09:09:06,607 [ERROR] LogOutputStream:75 - [STDERR_REDIRECT] 
2026-02-23 09:09:36,602 [ERROR] LogOutputStream:75 - [STDERR_REDIRECT] Feb 23, 2026 9:09:36 AM java.util.prefs.FileSystemPreferences checkLockFile0ErrorCode
2026-02-23 09:09:36,603 [ERROR] LogOutputStream:75 - [STDERR_REDIRECT] WARNING: Could not lock System prefs. Unix error code 2.
2026-02-23 09:09:36,604 [ERROR] LogOutputStream:75 - [STDERR_REDIRECT] 
2026-02-23 09:09:36,605 [ERROR] LogOutputStream:75 - [STDERR_REDIRECT] Feb 23, 2026 9:09:36 AM java.util.prefs.FileSystemPreferences syncWorld
2026-02-23 09:09:36,605 [ERROR] LogOutputStream:75 - [STDERR_REDIRECT] WARNING: Couldn't flush system prefs: java.util.prefs.BackingStoreException: Couldn't get file lock.
2026-02-23 09:09:36,606 [ERROR] LogOutputStream:75 - [STDERR_REDIRECT] 
2026-02-23 09:10:06,603 [ERROR] LogOutputStream:75 - [STDERR_REDIRECT] Feb 23, 2026 9:10:06 AM java.util.prefs.FileSystemPreferences checkLockFile0ErrorCode
2026-02-23 09:10:06,604 [ERROR] LogOutputStream:75 - [STDERR_REDIRECT] WARNING: Could not lock System prefs. Unix error code 2.
2026-02-23 09:10:06,607 [ERROR] LogOutputStream:75 - [STDERR_REDIRECT] 
2026-02-23 09:10:06,608 [ERROR] LogOutputStream:75 - [STDERR_REDIRECT] Feb 23, 2026 9:10:06 AM java.util.prefs.FileSystemPreferences syncWorld
2026-02-23 09:10:06,609 [ERROR] LogOutputStream:75 - [STDERR_REDIRECT] WARNING: Couldn't flush system prefs: java.util.prefs.BackingStoreException: Couldn't get file lock.
2026-02-23 09:10:06,609 [ERROR] LogOutputStream:75 - [STDERR_REDIRECT] 
2026-02-23 09:10:36,604 [ERROR] LogOutputStream:75 - [STDERR_REDIRECT] Feb 23, 2026 9:10:36 AM java.util.prefs.FileSystemPreferences checkLockFile0ErrorCode
2026-02-23 09:10:36,605 [ERROR] LogOutputStream:75 - [STDERR_REDIRECT] WARNING: Could not lock System prefs. Unix error code 2.
2026-02-23 09:10:36,606 [ERROR] LogOutputStream:75 - [STDERR_REDIRECT] 
2026-02-23 09:10:36,607 [ERROR] LogOutputStream:75 - [STDERR_REDIRECT] Feb 23, 2026 9:10:36 AM java.util.prefs.FileSystemPreferences syncWorld
2026-02-23 09:10:36,608 [ERROR] LogOutputStream:75 - [STDERR_REDIRECT] WARNING: Couldn't flush system prefs: java.util.prefs.BackingStoreException: Couldn't get file lock.
2026-02-23 09:10:36,608 [ERROR] LogOutputStream:75 - [STDERR_REDIRECT] 
2026-02-23 09:11:06,604 [ERROR] LogOutputStream:75 - [STDERR_REDIRECT] Feb 23, 2026 9:11:06 AM java.util.prefs.FileSystemPreferences checkLockFile0ErrorCode
2026-02-23 09:11:06,605 [ERROR] LogOutputStream:75 - [STDERR_REDIRECT] WARNING: Could not lock System prefs. Unix error code 2.
2026-02-23 09:11:06,606 [ERROR] LogOutputStream:75 - [STDERR_REDIRECT] 
2026-02-23 09:11:06,607 [ERROR] LogOutputStream:75 - [STDERR_REDIRECT] Feb 23, 2026 9:11:06 AM java.util.prefs.FileSystemPreferences syncWorld
2026-02-23 09:11:06,608 [ERROR] LogOutputStream:75 - [STDERR_REDIRECT] WARNING: Couldn't flush system prefs: java.util.prefs.BackingStoreException: Couldn't get file lock.
2026-02-23 09:11:06,608 [ERROR] LogOutputStream:75 - [STDERR_REDIRECT] 
2026-02-23 09:11:08,692 [ERROR] LogOutputStream:75 - [STDERR_REDIRECT] 
2026-02-23 09:11:17,792 [INFO] Activator:176 - 


2026-02-23 09:11:17,793 [INFO] Activator:177 - !SESSION log4j initialized
2026-02-23 09:11:19,304 [INFO] LogOutputStream:77 - [STDOUT_REDIRECT] 
2026-02-23 09:11:19,469 [ERROR] LogOutputStream:75 - [STDERR_REDIRECT] java.net.URISyntaxException: Illegal character in path at index 51: file:/home/esaadi@actia.local/Documents/Intergation Phase/FreeRTOS_mini_project/FreeRTOS_System_MiniProject/.metadata/.log4j2.xml
2026-02-23 09:11:19,469 [ERROR] LogOutputStream:75 - [STDERR_REDIRECT] 	at java.base/java.net.URI$Parser.fail(URI.java:2995)
2026-02-23 09:11:19,469 [ERROR] LogOutputStream:75 - [STDERR_REDIRECT] 	at java.base/java.net.URI$Parser.checkChars(URI.java:3166)
2026-02-23 09:11:19,469 [ERROR] LogOutputStream:75 - [STDERR_REDIRECT] 	at java.base/java.net.URI$Parser.parseHierarchical(URI.java:3248)
2026-02-23 09:11:19,470 [ERROR] LogOutputStream:75 - [STDERR_REDIRECT] 	at java.base/java.net.URI$Parser.parse(URI.java:3196)
2026-02-23 09:11:19,470 [ERROR] LogOutputStream:75 - [STDERR_REDIRECT] 	at java.base/java.net.URI.<init>(URI.java:645)
2026-02-23 09:11:19,470 [ERROR] LogOutputStream:75 - [STDERR_REDIRECT] 	at java.base/java.net.URL.toURI(URL.java:1220)
2026-02-23 09:11:19,470 [ERROR] LogOutputStream:75 - [STDERR_REDIRECT] 	at com.st.stm32cube.common.mx.core.CubeMxInstance.getInstance(CubeMxInstance.java:81)
2026-02-23 09:11:19,470 [ERROR] LogOutputStream:75 - [STDERR_REDIRECT] 	at com.st.stm32cube.common.mx.userauth.UserAuthAdapter.<init>(UserAuthAdapter.java:25)
2026-02-23 09:11:19,470 [ERROR] LogOutputStream:75 - [STDERR_REDIRECT] 	at com.st.stm32cube.common.mx.userauth.UserAuthProvider.getUserAuthAdapter(UserAuthProvider.java:16)
2026-02-23 09:11:19,471 [ERROR] LogOutputStream:75 - [STDERR_REDIRECT] 	at com.st.stm32cube.common.ecosystemintegration.ui.core.MCUEcoSystemIntegrationUiHelper.getUserAuth(MCUEcoSystemIntegrationUiHelper.java:100)
2026-02-23 09:11:19,471 [ERROR] LogOutputStream:75 - [STDERR_REDIRECT] 	at com.st.stm32cube.ide.mcu.userauth.UserAuthStartup.earlyStartup(UserAuthStartup.java:32)
2026-02-23 09:11:19,471 [ERROR] LogOutputStream:75 - [STDERR_REDIRECT] 	at org.eclipse.ui.internal.EarlyStartupRunnable.runEarlyStartup(EarlyStartupRunnable.java:79)
2026-02-23 09:11:19,471 [ERROR] LogOutputStream:75 - [STDERR_REDIRECT] 	at org.eclipse.ui.internal.EarlyStartupRunnable.run(EarlyStartupRunnable.java:55)
2026-02-23 09:11:19,471 [ERROR] LogOutputStream:75 - [STDERR_REDIRECT] 	at org.eclipse.core.runtime.SafeRunner.run(SafeRunner.java:47)
2026-02-23 09:11:19,472 [ERROR] LogOutputStream:75 - [STDERR_REDIRECT] 	at org.eclipse.ui.internal.Workbench$39.run(Workbench.java:2733)
2026-02-23 09:11:19,472 [ERROR] LogOutputStream:75 - [STDERR_REDIRECT] 	at org.eclipse.core.internal.jobs.Worker.run(Worker.java:63)
2026-02-23 09:11:22,305 [ERROR] LogOutputStream:75 - [STDERR_REDIRECT] Feb 23, 2026 9:11:22 AM java.util.prefs.FileSystemPreferences$2 run
2026-02-23 09:11:22,305 [ERROR] LogOutputStream:75 - [STDERR_REDIRECT] WARNING: Could not create system preferences directory. System preferences are unusable.
2026-02-23 09:11:22,305 [ERROR] LogOutputStream:75 - [STDERR_REDIRECT] 
2026-02-23 09:11:24,736 [INFO] LogOutputStream:77 - [STDOUT_REDIRECT] 1 : Invalid condition id : UX_CORESTACK_Condition cause : null
2026-02-23 09:11:24,736 [INFO] LogOutputStream:77 - [STDOUT_REDIRECT] 1 : Invalid condition id : UX_CORESTACK_Condition cause : null
2026-02-23 09:11:24,737 [INFO] LogOutputStream:77 - [STDOUT_REDIRECT] 1 : Invalid condition id : UX_CORESTACK_Condition cause : null
2026-02-23 09:11:24,737 [INFO] LogOutputStream:77 - [STDOUT_REDIRECT] 1 : Invalid condition id : UX_CORESTACK_Condition cause : null
2026-02-23 09:11:24,737 [INFO] LogOutputStream:77 - [STDOUT_REDIRECT] 1 : Invalid condition id : UX_CORESTACK_Condition cause : null
2026-02-23 09:11:49,694 [ERROR] LogOutputStream:75 - [STDERR_REDIRECT] Feb 23, 2026 9:11:49 AM java.util.prefs.FileSystemPreferences checkLockFile0ErrorCode
2026-02-23 09:11:49,694 [ERROR] LogOutputStream:75 - [STDERR_REDIRECT] WARNING: Could not lock System prefs. Unix error code 2.
2026-02-23 09:11:49,695 [ERROR] LogOutputStream:75 - [STDERR_REDIRECT] 
2026-02-23 09:11:49,695 [ERROR] LogOutputStream:75 - [STDERR_REDIRECT] Feb 23, 2026 9:11:49 AM java.util.prefs.FileSystemPreferences syncWorld
2026-02-23 09:11:49,695 [ERROR] LogOutputStream:75 - [STDERR_REDIRECT] WARNING: Couldn't flush system prefs: java.util.prefs.BackingStoreException: Couldn't get file lock.
2026-02-23 09:11:49,695 [ERROR] LogOutputStream:75 - [STDERR_REDIRECT] 
2026-02-23 09:12:10,821 [ERROR] LogOutputStream:75 - [STDERR_REDIRECT] 
2026-02-23 09:12:10,822 [ERROR] LogOutputStream:75 - [STDERR_REDIRECT] 
